exports[`test should match snapshot 1`] = `
<span>
  <OrganizationLink
    organization={
      Object {
        "key": "foo",
        "name": "foo",
      }
    }>
    foo
  </OrganizationLink>
  <span
    className="slash-separator" />
</span>
`;

exports[`test should not be displayed 1`] = `null`;

exports[`test should not be displayed 2`] = `null`;
